Archive member included to satisfy reference by file (symbol)

C:/Users/naray/OneDrive/Documents/STM32CubeIDE_1.15.1/STM32CubeIDE/plugins/com.st.stm32cube.ide.mcu.externaltools.gnu-tools-for-stm32.12.3.rel1.win32_1.0.100.202403111256/tools/bin/../lib/gcc/arm-none-eabi/12.3.1/../../../../arm-none-eabi/lib/thumb/v7e-m+fp/hard\libc_nano.a(libc_a-exit.o)
                              C:/Users/naray/OneDrive/Documents/STM32CubeIDE_1.15.1/STM32CubeIDE/plugins/com.st.stm32cube.ide.mcu.externaltools.gnu-tools-for-stm32.12.3.rel1.win32_1.0.100.202403111256/tools/bin/../lib/gcc/arm-none-eabi/12.3.1/../../../../arm-none-eabi/lib/thumb/v7e-m+fp/hard/crt0.o (exit)
C:/Users/naray/OneDrive/Documents/STM32CubeIDE_1.15.1/STM32CubeIDE/plugins/com.st.stm32cube.ide.mcu.externaltools.gnu-tools-for-stm32.12.3.rel1.win32_1.0.100.202403111256/tools/bin/../lib/gcc/arm-none-eabi/12.3.1/../../../../arm-none-eabi/lib/thumb/v7e-m+fp/hard\libc_nano.a(libc_a-findfp.o)
                              C:/Users/naray/OneDrive/Documents/STM32CubeIDE_1.15.1/STM32CubeIDE/plugins/com.st.stm32cube.ide.mcu.externaltools.gnu-tools-for-stm32.12.3.rel1.win32_1.0.100.202403111256/tools/bin/../lib/gcc/arm-none-eabi/12.3.1/../../../../arm-none-eabi/lib/thumb/v7e-m+fp/hard\libc_nano.a(libc_a-exit.o) (__stdio_exit_handler)
C:/Users/naray/OneDrive/Documents/STM32CubeIDE_1.15.1/STM32CubeIDE/plugins/com.st.stm32cube.ide.mcu.externaltools.gnu-tools-for-stm32.12.3.rel1.win32_1.0.100.202403111256/tools/bin/../lib/gcc/arm-none-eabi/12.3.1/../../../../arm-none-eabi/lib/thumb/v7e-m+fp/hard\libc_nano.a(libc_a-fwalk.o)
                              C:/Users/naray/OneDrive/Documents/STM32CubeIDE_1.15.1/STM32CubeIDE/plugins/com.st.stm32cube.ide.mcu.externaltools.gnu-tools-for-stm32.12.3.rel1.win32_1.0.100.202403111256/tools/bin/../lib/gcc/arm-none-eabi/12.3.1/../../../../arm-none-eabi/lib/thumb/v7e-m+fp/hard\libc_nano.a(libc_a-findfp.o) (_fwalk_sglue)
C:/Users/naray/OneDrive/Documents/STM32CubeIDE_1.15.1/STM32CubeIDE/plugins/com.st.stm32cube.ide.mcu.externaltools.gnu-tools-for-stm32.12.3.rel1.win32_1.0.100.202403111256/tools/bin/../lib/gcc/arm-none-eabi/12.3.1/../../../../arm-none-eabi/lib/thumb/v7e-m+fp/hard\libc_nano.a(libc_a-stdio.o)
                              C:/Users/naray/OneDrive/Documents/STM32CubeIDE_1.15.1/STM32CubeIDE/plugins/com.st.stm32cube.ide.mcu.externaltools.gnu-tools-for-stm32.12.3.rel1.win32_1.0.100.202403111256/tools/bin/../lib/gcc/arm-none-eabi/12.3.1/../../../../arm-none-eabi/lib/thumb/v7e-m+fp/hard\libc_nano.a(libc_a-findfp.o) (__sread)
C:/Users/naray/OneDrive/Documents/STM32CubeIDE_1.15.1/STM32CubeIDE/plugins/com.st.stm32cube.ide.mcu.externaltools.gnu-tools-for-stm32.12.3.rel1.win32_1.0.100.202403111256/tools/bin/../lib/gcc/arm-none-eabi/12.3.1/../../../../arm-none-eabi/lib/thumb/v7e-m+fp/hard\libc_nano.a(libc_a-memset.o)
                              C:/Users/naray/OneDrive/Documents/STM32CubeIDE_1.15.1/STM32CubeIDE/plugins/com.st.stm32cube.ide.mcu.externaltools.gnu-tools-for-stm32.12.3.rel1.win32_1.0.100.202403111256/tools/bin/../lib/gcc/arm-none-eabi/12.3.1/../../../../arm-none-eabi/lib/thumb/v7e-m+fp/hard/crt0.o (memset)
C:/Users/naray/OneDrive/Documents/STM32CubeIDE_1.15.1/STM32CubeIDE/plugins/com.st.stm32cube.ide.mcu.externaltools.gnu-tools-for-stm32.12.3.rel1.win32_1.0.100.202403111256/tools/bin/../lib/gcc/arm-none-eabi/12.3.1/../../../../arm-none-eabi/lib/thumb/v7e-m+fp/hard\libc_nano.a(libc_a-closer.o)
                              C:/Users/naray/OneDrive/Documents/STM32CubeIDE_1.15.1/STM32CubeIDE/plugins/com.st.stm32cube.ide.mcu.externaltools.gnu-tools-for-stm32.12.3.rel1.win32_1.0.100.202403111256/tools/bin/../lib/gcc/arm-none-eabi/12.3.1/../../../../arm-none-eabi/lib/thumb/v7e-m+fp/hard\libc_nano.a(libc_a-stdio.o) (_close_r)
C:/Users/naray/OneDrive/Documents/STM32CubeIDE_1.15.1/STM32CubeIDE/plugins/com.st.stm32cube.ide.mcu.externaltools.gnu-tools-for-stm32.12.3.rel1.win32_1.0.100.202403111256/tools/bin/../lib/gcc/arm-none-eabi/12.3.1/../../../../arm-none-eabi/lib/thumb/v7e-m+fp/hard\libc_nano.a(libc_a-reent.o)
                              C:/Users/naray/OneDrive/Documents/STM32CubeIDE_1.15.1/STM32CubeIDE/plugins/com.st.stm32cube.ide.mcu.externaltools.gnu-tools-for-stm32.12.3.rel1.win32_1.0.100.202403111256/tools/bin/../lib/gcc/arm-none-eabi/12.3.1/../../../../arm-none-eabi/lib/thumb/v7e-m+fp/hard\libc_nano.a(libc_a-closer.o) (errno)
C:/Users/naray/OneDrive/Documents/STM32CubeIDE_1.15.1/STM32CubeIDE/plugins/com.st.stm32cube.ide.mcu.externaltools.gnu-tools-for-stm32.12.3.rel1.win32_1.0.100.202403111256/tools/bin/../lib/gcc/arm-none-eabi/12.3.1/../../../../arm-none-eabi/lib/thumb/v7e-m+fp/hard\libc_nano.a(libc_a-impure.o)
[...]
Memory Configuration

Name             Origin             Length             Attributes
RAM              0x20000000         0x00018000         xrw
FLASH            0x08000000         0x00080000         xr
*default*        0x00000000         0xffffffff

Linker script and memory map

LOAD C:/Users/naray/OneDrive/Documents/STM32CubeIDE_1.15.1/STM32CubeIDE/plugins/com.st.stm32cube.ide.mcu.externaltools.gnu-tools-for-stm32.12.3.rel1.win32_1.0.100.202403111256/tools/bin/../lib/gcc/arm-none-eabi/12.3.1/thumb/v7e-m+fp/hard/crti.o
LOAD C:/Users/naray/OneDrive/Documents/STM32CubeIDE_1.15.1/STM32CubeIDE/plugins/com.st.stm32cube.ide.mcu.externaltools.gnu-tools-for-stm32.12.3.rel1.win32_1.0.100.202403111256/tools/bin/../lib/gcc/arm-none-eabi/12.3.1/thumb/v7e-m+fp/hard/crtbegin.o
LOAD C:/Users/naray/OneDrive/Documents/STM32CubeIDE_1.15.1/STM32CubeIDE/plugins/com.st.stm32cube.ide.mcu.externaltools.gnu-tools-for-stm32.12.3.rel1.win32_1.0.100.202403111256/tools/bin/../lib/gcc/arm-none-eabi/12.3.1/../../../../arm-none-eabi/lib/thumb/v7e-m+fp/hard/crt0.o
LOAD ./Src/main.o
LOAD ./Src/syscalls.o
LOAD ./Src/sysmem.o
LOAD ./Src/timer.o
LOAD ./Startup/startup_stm32f401retx.o
START GROUP
LOAD C:/Users/naray/OneDrive/Documents/STM32CubeIDE_1.15.1/STM32CubeIDE/plugins/com.st.stm32cube.ide.mcu.externaltools.gnu-tools-for-stm32.12.3.rel1.win32_1.0.100.202403111256/tools/bin/../lib/gcc/arm-none-eabi/12.3.1/../../../../arm-none-eabi/lib/thumb/v7e-m+fp/hard\libc_nano.a
LOAD C:/Users/naray/OneDrive/Documents/STM32CubeIDE_1.15.1/STM32CubeIDE/plugins/com.st.stm32cube.ide.mcu.externaltools.gnu-tools-for-stm32.12.3.rel1.win32_1.0.100.202403111256/tools/bin/../lib/gcc/arm-none-eabi/12.3.1/../../../../arm-none-eabi/lib/thumb/v7e-m+fp/hard\libm.a
END GROUP
START GROUP
LOAD C:/Users/naray/OneDrive/Documents/STM32CubeIDE_1.15.1/STM32CubeIDE/plugins/com.st.stm32cube.ide.mcu.externaltools.gnu-tools-for-stm32.12.3.rel1.win32_1.0.100.202403111256/tools/bin/../lib/gcc/arm-none-eabi/12.3.1/thumb/v7e-m+fp/hard\libgcc.a
LOAD C:/Users/naray/OneDrive/Documents/STM32CubeIDE_1.15.1/STM32CubeIDE/plugins/com.st.stm32cube.ide.mcu.externaltools.gnu-tools-for-stm32.12.3.rel1.win32_1.0.100.202403111256/tools/bin/../lib/gcc/arm-none-eabi/12.3.1/../../../../arm-none-eabi/lib/thumb/v7e-m+fp/hard\libc_nano.a
END GROUP
START GROUP
LOAD C:/Users/naray/OneDrive/Documents/STM32CubeIDE_1.15.1/STM32CubeIDE/plugins/com.st.stm32cube.ide.mcu.externaltools.gnu-tools-for-stm32.12.3.rel1.win32_1.0.100.202403111256/tools/bin/../lib/gcc/arm-none-eabi/12.3.1/thumb/v7e-m+fp/hard\libgcc.a
LOAD C:/Users/naray/OneDrive/Documents/STM32CubeIDE_1.15.1/STM32CubeIDE/plugins/com.st.stm32cube.ide.mcu.externaltools.gnu-tools-for-stm32.12.3.rel1.win32_1.0.100.202403111256/tools/bin/../lib/gcc/arm-none-eabi/12.3.1/../../../../arm-none-eabi/lib/thumb/v7e-m+fp/hard\libc_nano.a
LOAD C:/Users/naray/OneDrive/Documents/STM32CubeIDE_1.15.1/STM32CubeIDE/plugins/com.st.stm32cube.ide.mcu.externaltools.gnu-tools-for-stm32.12.3.rel1.win32_1.0.100.202403111256/tools/bin/../lib/gcc/arm-none-eabi/12.3.1/../../../../arm-none-eabi/lib/thumb/v7e-m+fp/hard\libnosys.a
END GROUP
START GROUP
LOAD C:/Users/naray/OneDrive/Documents/STM32CubeIDE_1.15.1/STM32CubeIDE/plugins/com.st.stm32cube.ide.mcu.externaltools.gnu-tools-for-stm32.12.3.rel1.win32_1.0.100.202403111256/tools/bin/../lib/gcc/arm-none-eabi/12.3.1/thumb/v7e-m+fp/hard\libgcc.a
LOAD C:/Users/naray/OneDrive/Documents/STM32CubeIDE_1.15.1/STM32CubeIDE/plugins/com.st.stm32cube.ide.mcu.externaltools.gnu-tools-for-stm32.12.3.rel1.win32_1.0.100.202403111256/tools/bin/../lib/gcc/arm-none-eabi/12.3.1/../../../../arm-none-eabi/lib/thumb/v7e-m+fp/hard\libc_nano.a
LOAD C:/Users/naray/OneDrive/Documents/STM32CubeIDE_1.15.1/STM32CubeIDE/plugins/com.st.stm32cube.ide.mcu.externaltools.gnu-tools-for-stm32.12.3.rel1.win32_1.0.100.202403111256/tools/bin/../lib/gcc/arm-none-eabi/12.3.1/../../../../arm-none-eabi/lib/thumb/v7e-m+fp/hard\libnosys.a
END GROUP
LOAD C:/Users/naray/OneDrive/Documents/STM32CubeIDE_1.15.1/STM32CubeIDE/plugins/com.st.stm32cube.ide.mcu.externaltools.gnu-tools-for-stm32.12.3.rel1.win32_1.0.100.202403111256/tools/bin/../lib/gcc/arm-none-eabi/12.3.1/thumb/v7e-m+fp/hard/crtend.o
LOAD C:/Users/naray/OneDrive/Documents/STM32CubeIDE_1.15.1/STM32CubeIDE/plugins/com.st.stm32cube.ide.mcu.externaltools.gnu-tools-for-stm32.12.3.rel1.win32_1.0.100.202403111256/tools/bin/../lib/gcc/arm-none-eabi/12.3.1/thumb/v7e-m+fp/hard/crtn.o
                0x20018000                        _estack = (ORIGIN (RAM) + LENGTH (RAM))
                0x00000200                        _Min_Heap_Size = 0x200
                0x00000400                        _Min_Stack_Size = 0x400

.isr_vector     0x08000000      0x194
                0x08000000                        . = ALIGN (0x4)
 *(.isr_vector)
 .isr_vector    0x08000000      0x194 ./Startup/startup_stm32f401retx.o
                0x08000000                g_pfnVectors
                0x08000194                        . = ALIGN (0x4)

.text           0x08000194      0x1a4
                0x08000194                        . = ALIGN (0x4)
 *(.text)
 .text          0x08000194       0x40 C:/Users/naray/OneDrive/Documents/STM32CubeIDE_1.15.1/STM32CubeIDE/plugins/com.st.stm32cube.ide.mcu.externaltools.gnu-tools-for-stm32.12.3.rel1.win32_1.0.100.202403111256/tools/bin/../lib/gcc/arm-none-eabi/12.3.1/thumb/v7e-m+fp/hard/crtbegin.o
 *(.text*)
 .text.main     0x080001d4        0xe ./Src/main.o
                0x080001d4                main
 *fill*         0x080001e2        0x2 
 .text.timer2_pa5_output_compare
                0x080001e4       0xa0 ./Src/timer.o
                0x080001e4                timer2_pa5_output_compare
 .text.Reset_Handler
                0x08000284       0x50 ./Startup/startup_stm32f401retx.o
                0x08000284                Reset_Handler
 .text.Default_Handler
                0x080002d4        0x2 ./Startup/startup_stm32f401retx.o
                0x080002d4                EXTI2_IRQHandler
                0x080002d4                DebugMon_Handler
                0x080002d4                SPI4_IRQHandler
                0x080002d4                TIM1_CC_IRQHandler
                0x080002d4                DMA2_Stream5_IRQHandler
                0x080002d4                HardFault_Handler
                0x080002d4                DMA1_Stream5_IRQHandler
                0x080002d4                SysTick_Handler
                0x080002d4                SDIO_IRQHandler
                0x080002d4                TAMP_STAMP_IRQHandler
                0x080002d4                PendSV_Handler
                0x080002d4                NMI_Handler
                0x080002d4                EXTI3_IRQHandler
                0x080002d4                TIM1_UP_TIM10_IRQHandler
                0x080002d4                I2C3_ER_IRQHandler
                0x080002d4                EXTI18_OTG_FS_WKUP_IRQHandler
                0x080002d4                EXTI0_IRQHandler
                0x080002d4                I2C2_EV_IRQHandler
                0x080002d4                DMA1_Stream2_IRQHandler
                0x080002d4                UsageFault_Handler
                0x080002d4                DMA2_Stream2_IRQHandler
                0x080002d4                SPI1_IRQHandler
                0x080002d4                TIM1_BRK_TIM9_IRQHandler
                0x080002d4                DMA2_Stream3_IRQHandler
                0x080002d4                USART6_IRQHandler
                0x080002d4                DMA2_Stream0_IRQHandler
                0x080002d4                TIM4_IRQHandler
                0x080002d4                I2C1_EV_IRQHandler
                0x080002d4                DMA1_Stream6_IRQHandler
                0x080002d4                DMA1_Stream1_IRQHandler
                0x080002d4                TIM3_IRQHandler
                0x080002d4                RCC_IRQHandler
                0x080002d4                Default_Handler
                0x080002d4                EXTI15_10_IRQHandler
                0x080002d4                ADC_IRQHandler
                0x080002d4                DMA1_Stream7_IRQHandler
                0x080002d4                TIM5_IRQHandler
                0x080002d4                DMA2_Stream7_IRQHandler
                0x080002d4                I2C3_EV_IRQHandler
                0x080002d4                EXTI9_5_IRQHandler
                0x080002d4                SPI2_IRQHandler
                0x080002d4                MemManage_Handler
                0x080002d4                DMA1_Stream0_IRQHandler
                0x080002d4                SVC_Handler
                0x080002d4                EXTI4_IRQHandler
                0x080002d4                EXTI22_RTC_WKUP_IRQHandler
                0x080002d4                TIM2_IRQHandler
                0x080002d4                EXTI16_PVD_IRQHandler
                0x080002d4                TIM1_TRG_COM_TIM11_IRQHandler
                0x080002d4                EXTI1_IRQHandler
                0x080002d4                EXTI17_RTC_Alarm_IRQHandler
                0x080002d4                USART2_IRQHandler
                0x080002d4                I2C2_ER_IRQHandler
                0x080002d4                DMA2_Stream1_IRQHandler
                0x080002d4                FLASH_IRQHandler
                0x080002d4                DMA2_Stream4_IRQHandler
                0x080002d4                BusFault_Handler
                0x080002d4                USART1_IRQHandler
                0x080002d4                OTG_FS_IRQHandler
                0x080002d4                SPI3_IRQHandler
                0x080002d4                DMA1_Stream4_IRQHandler
                0x080002d4                I2C1_ER_IRQHandler
                0x080002d4                DMA2_Stream6_IRQHandler
                0x080002d4                DMA1_Stream3_IRQHandler
 *fill*         0x080002d6        0x2 
 .text.__libc_init_array
                0x080002d8       0x48 C:/Users/naray/OneDrive/Documents/STM32CubeIDE_1.15.1/STM32CubeIDE/plugins/com.st.stm32cube.ide.mcu.externaltools.gnu-tools-for-stm32.12.3.rel1.win32_1.0.100.202403111256/tools/bin/../lib/gcc/arm-none-eabi/12.3.1/../../../../arm-none-eabi/lib/thumb/v7e-m+fp/hard\libc_nano.a(libc_a-init.o)
                0x080002d8                __libc_init_array
 *(.glue_7)
 .glue_7        0x08000320        0x0 linker stubs
 *(.glue_7t)
 .glue_7t       0x08000320        0x0 linker stubs
 *(.eh_frame)
 .eh_frame      0x08000320        0x0 C:/Users/naray/OneDrive/Documents/STM32CubeIDE_1.15.1/STM32CubeIDE/plugins/com.st.stm32cube.ide.mcu.externaltools.gnu-tools-for-stm32.12.3.rel1.win32_1.0.100.202403111256/tools/bin/../lib/gcc/arm-none-eabi/12.3.1/thumb/v7e-m+fp/hard/crtbegin.o
 *(.init)
 .init          0x08000320        0x4 C:/Users/naray/OneDrive/Documents/STM32CubeIDE_1.15.1/STM32CubeIDE/plugins/com.st.stm32cube.ide.mcu.externaltools.gnu-tools-for-stm32.12.3.rel1.win32_1.0.100.202403111256/tools/bin/../lib/gcc/arm-none-eabi/12.3.1/thumb/v7e-m+fp/hard/crti.o
                0x08000320                _init
 .init          0x08000324        0x8 C:/Users/naray/OneDrive/Documents/STM32CubeIDE_1.15.1/STM32CubeIDE/plugins/com.st.stm32cube.ide.mcu.externaltools.gnu-tools-for-stm32.12.3.rel1.win32_1.0.100.202403111256/tools/bin/../lib/gcc/arm-none-eabi/12.3.1/thumb/v7e-m+fp/hard/crtn.o
 *(.fini)
 .fini          0x0800032c        0x4 C:/Users/naray/OneDrive/Documents/STM32CubeIDE_1.15.1/STM32CubeIDE/plugins/com.st.stm32cube.ide.mcu.externaltools.gnu-tools-for-stm32.12.3.rel1.win32_1.0.100.202403111256/tools/bin/../lib/gcc/arm-none-eabi/12.3.1/thumb/v7e-m+fp/hard/crti.o
                0x0800032c                _fini
 .fini          0x08000330        0x8 C:/Users/naray/OneDrive/Documents/STM32CubeIDE_1.15.1/STM32CubeIDE/plugins/com.st.stm32cube.ide.mcu.externaltools.gnu-tools-for-stm32.12.3.rel1.win32_1.0.100.202403111256/tools/bin/../lib/gcc/arm-none-eabi/12.3.1/thumb/v7e-m+fp/hard/crtn.o
                0x08000338                        . = ALIGN (0x4)
                0x08000338                        _etext = .

.vfp11_veneer   0x08000338        0x0
 .vfp11_veneer  0x08000338        0x0 linker stubs

.v4_bx          0x08000338        0x0
 .v4_bx         0x08000338        0x0 linker stubs

.iplt           0x08000338        0x0
 .iplt          0x08000338        0x0 C:/Users/naray/OneDrive/Documents/STM32CubeIDE_1.15.1/STM32CubeIDE/plugins/com.st.stm32cube.ide.mcu.externaltools.gnu-tools-for-stm32.12.3.rel1.win32_1.0.100.202403111256/tools/bin/../lib/gcc/arm-none-eabi/12.3.1/thumb/v7e-m+fp/hard/crtbegin.o

.rodata         0x08000338        0x0
                0x08000338                        . = ALIGN (0x4)
 *(.rodata)
 *(.rodata*)
                0x08000338                        . = ALIGN (0x4)

.ARM.extab      0x08000338        0x0
                0x08000338                        . = ALIGN (0x4)
 *(.ARM.extab* .gnu.linkonce.armextab.*)
                0x08000338                        . = ALIGN (0x4)

.ARM            0x08000338        0x0
                0x08000338                        . = ALIGN (0x4)
                0x08000338                        __exidx_start = .
 *(.ARM.exidx*)
                0x08000338                        __exidx_end = .
                0x08000338                        . = ALIGN (0x4)

.preinit_array  0x08000338        0x0
                0x08000338                        . = ALIGN (0x4)
                0x08000338                        PROVIDE (__preinit_array_start = .)
 *(.preinit_array*)
                0x08000338                        PROVIDE (__preinit_array_end = .)
                0x08000338                        . = ALIGN (0x4)

.init_array     0x08000338        0x4
                0x08000338                        . = ALIGN (0x4)
                0x08000338                        PROVIDE (__init_array_start = .)
 *(SORT_BY_NAME(.init_array.*))
 *(.init_array*)
 .init_array    0x08000338        0x4 C:/Users/naray/OneDrive/Documents/STM32CubeIDE_1.15.1/STM32CubeIDE/plugins/com.st.stm32cube.ide.mcu.externaltools.gnu-tools-for-stm32.12.3.rel1.win32_1.0.100.202403111256/tools/bin/../lib/gcc/arm-none-eabi/12.3.1/thumb/v7e-m+fp/hard/crtbegin.o
                0x0800033c                        PROVIDE (__init_array_end = .)
                0x0800033c                        . = ALIGN (0x4)

.fini_array     0x0800033c        0x4
                0x0800033c                        . = ALIGN (0x4)
                [!provide]                        PROVIDE (__fini_array_start = .)
 *(SORT_BY_NAME(.fini_array.*))
 *(.fini_array*)
 .fini_array    0x0800033c        0x4 C:/Users/naray/OneDrive/Documents/STM32CubeIDE_1.15.1/STM32CubeIDE/plugins/com.st.stm32cube.ide.mcu.externaltools.gnu-tools-for-stm32.12.3.rel1.win32_1.0.100.202403111256/tools/bin/../lib/gcc/arm-none-eabi/12.3.1/thumb/v7e-m+fp/hard/crtbegin.o
                [!provide]                        PROVIDE (__fini_array_end = .)
                0x08000340                        . = ALIGN (0x4)
                0x08000340                        _sidata = LOADADDR (.data)

.rel.dyn        0x08000340        0x0
 .rel.iplt      0x08000340        0x0 C:/Users/naray/OneDrive/Documents/STM32CubeIDE_1.15.1/STM32CubeIDE/plugins/com.st.stm32cube.ide.mcu.externaltools.gnu-tools-for-stm32.12.3.rel1.win32_1.0.100.202403111256/tools/bin/../lib/gcc/arm-none-eabi/12.3.1/thumb/v7e-m+fp/hard/crtbegin.o

.data           0x20000000        0x0 load address 0x08000340
                0x20000000                        . = ALIGN (0x4)
                0x20000000                        _sdata = .
 *(.data)
 *(.data*)
 *(.RamFunc)
 *(.RamFunc*)
                0x20000000                        . = ALIGN (0x4)
                0x20000000                        _edata = .

.igot.plt       0x20000000        0x0 load address 0x08000340
 .igot.plt      0x20000000        0x0 C:/Users/naray/OneDrive/Documents/STM32CubeIDE_1.15.1/STM32CubeIDE/plugins/com.st.stm32cube.ide.mcu.externaltools.gnu-tools-for-stm32.12.3.rel1.win32_1.0.100.202403111256/tools/bin/../lib/gcc/arm-none-eabi/12.3.1/thumb/v7e-m+fp/hard/crtbegin.o
                0x20000000                        . = ALIGN (0x4)

.bss            0x20000000       0x1c load address 0x08000340
                0x20000000                        _sbss = .
                0x20000000                        __bss_start__ = _sbss
 *(.bss)
 .bss           0x20000000       0x1c C:/Users/naray/OneDrive/Documents/STM32CubeIDE_1.15.1/STM32CubeIDE/plugins/com.st.stm32cube.ide.mcu.externaltools.gnu-tools-for-stm32.12.3.rel1.win32_1.0.100.202403111256/tools/bin/../lib/gcc/arm-none-eabi/12.3.1/thumb/v7e-m+fp/hard/crtbegin.o
 *(.bss*)
 *(COMMON)
                0x2000001c                        . = ALIGN (0x4)
                0x2000001c                        _ebss = .
                0x2000001c                        __bss_end__ = _ebss

._user_heap_stack
                0x2000001c      0x604 load address 0x08000340
                0x20000020                        . = ALIGN (0x8)
 *fill*         0x2000001c        0x4 
                [!provide]                        PROVIDE (end = .)
                0x20000020                        PROVIDE (_end = .)
                0x20000220                        . = (. + _Min_Heap_Size)
 *fill*         0x20000020      0x200 
                0x20000620                        . = (. + _Min_Stack_Size)
 *fill*         0x20000220      0x400 
                0x20000620                        . = ALIGN (0x8)

/DISCARD/
 libc.a(*)
 libm.a(*)
 libgcc.a(*)

.ARM.attributes
                0x00000000       0x30
 *(.ARM.attributes)
 .ARM.attributes
                0x00000000       0x22 C:/Users/naray/OneDrive/Documents/STM32CubeIDE_1.15.1/STM32CubeIDE/plugins/com.st.stm32cube.ide.mcu.externaltools.gnu-tools-for-stm32.12.3.rel1.win32_1.0.100.202403111256/tools/bin/../lib/gcc/arm-none-eabi/12.3.1/thumb/v7e-m+fp/hard/crti.o
 .ARM.attributes
                0x00000022       0x34 C:/Users/naray/OneDrive/Documents/STM32CubeIDE_1.15.1/STM32CubeIDE/plugins/com.st.stm32cube.ide.mcu.externaltools.gnu-tools-for-stm32.12.3.rel1.win32_1.0.100.202403111256/tools/bin/../lib/gcc/arm-none-eabi/12.3.1/thumb/v7e-m+fp/hard/crtbegin.o
 .ARM.attributes
                0x00000056       0x34 ./Src/main.o
 .ARM.attributes
                0x0000008a       0x34 ./Src/timer.o
 .ARM.attributes
                0x000000be       0x21 ./Startup/startup_stm32f401retx.o
 .ARM.attributes
                0x000000df       0x34 C:/Users/naray/OneDrive/Documents/STM32CubeIDE_1.15.1/STM32CubeIDE/plugins/com.st.stm32cube.ide.mcu.externaltools.gnu-tools-for-stm32.12.3.rel1.win32_1.0.100.202403111256/tools/bin/../lib/gcc/arm-none-eabi/12.3.1/../../../../arm-none-eabi/lib/thumb/v7e-m+fp/hard\libc_nano.a(libc_a-init.o)
 .ARM.attributes
                0x00000113       0x22 C:/Users/naray/OneDrive/Documents/STM32CubeIDE_1.15.1/STM32CubeIDE/plugins/com.st.stm32cube.ide.mcu.externaltools.gnu-tools-for-stm32.12.3.rel1.win32_1.0.100.202403111256/tools/bin/../lib/gcc/arm-none-eabi/12.3.1/thumb/v7e-m+fp/hard/crtn.o
OUTPUT(6_Timers.elf elf32-littlearm)
LOAD linker stubs
LOAD C:/Users/naray/OneDrive/Documents/STM32CubeIDE_1.15.1/STM32CubeIDE/plugins/com.st.stm32cube.ide.mcu.externaltools.gnu-tools-for-stm32.12.3.rel1.win32_1.0.100.202403111256/tools/bin/../lib/gcc/arm-none-eabi/12.3.1/../../../../arm-none-eabi/lib/thumb/v7e-m+fp/hard\libc.a
LOAD C:/Users/naray/OneDrive/Documents/STM32CubeIDE_1.15.1/STM32CubeIDE/plugins/com.st.stm32cube.ide.mcu.externaltools.gnu-tools-for-stm32.12.3.rel1.win32_1.0.100.202403111256/tools/bin/../lib/gcc/arm-none-eabi/12.3.1/../../../../arm-none-eabi/lib/thumb/v7e-m+fp/hard\libm.a
LOAD C:/Users/naray/OneDrive/Documents/STM32CubeIDE_1.15.1/STM32CubeIDE/plugins/com.st.stm32cube.ide.mcu.externaltools.gnu-tools-for-stm32.12.3.rel1.win32_1.0.100.202403111256/tools/bin/../lib/gcc/arm-none-eabi/12.3.1/thumb/v7e-m+fp/hard\libgcc.a

.debug_info     0x00000000      0x4c3
 .debug_info    0x00000000       0x9d ./Src/main.o
 .debug_info    0x0000009d      0x3f6 ./Src/timer.o
 .debug_info    0x00000493       0x30 ./Startup/startup_stm32f401retx.o

.debug_abbrev   0x00000000      0x133
 .debug_abbrev  0x00000000       0x5a ./Src/main.o
 .debug_abbrev  0x0000005a       0xb5 ./Src/timer.o
 .debug_abbrev  0x0000010f       0x24 ./Startup/startup_stm32f401retx.o

.debug_aranges  0x00000000       0x68
 .debug_aranges
                0x00000000       0x20 ./Src/main.o
 .debug_aranges
                0x00000020       0x20 ./Src/timer.o
 .debug_aranges
                0x00000040       0x28 ./Startup/startup_stm32f401retx.o

.debug_rnglists
                0x00000000       0x40
 .debug_rnglists
                0x00000000       0x13 ./Src/main.o
 .debug_rnglists
                0x00000013       0x14 ./Src/timer.o
 .debug_rnglists
                0x00000027       0x19 ./Startup/startup_stm32f401retx.o

.debug_macro    0x00000000     0xe8f7
 .debug_macro   0x00000000      0x1af ./Src/main.o
 .debug_macro   0x000001af      0xac6 ./Src/main.o
 .debug_macro   0x00000c75       0x22 ./Src/main.o
 .debug_macro   0x00000c97       0x5b ./Src/main.o
 .debug_macro   0x00000cf2       0x2a ./Src/main.o
 .debug_macro   0x00000d1c       0x94 ./Src/main.o
 .debug_macro   0x00000db0       0x43 ./Src/main.o
 .debug_macro   0x00000df3       0x34 ./Src/main.o
 .debug_macro   0x00000e27       0x16 ./Src/main.o
 .debug_macro   0x00000e3d       0x57 ./Src/main.o
 .debug_macro   0x00000e94       0x9e ./Src/main.o
 .debug_macro   0x00000f32      0x369 ./Src/main.o
 .debug_macro   0x0000129b      0x10b ./Src/main.o
 .debug_macro   0x000013a6       0x10 ./Src/main.o
 .debug_macro   0x000013b6       0x16 ./Src/main.o
 .debug_macro   0x000013cc       0x43 ./Src/main.o
 .debug_macro   0x0000140f       0x34 ./Src/main.o
 .debug_macro   0x00001443       0x10 ./Src/main.o
 .debug_macro   0x00001453       0x58 ./Src/main.o
 .debug_macro   0x000014ab       0x8e ./Src/main.o
 .debug_macro   0x00001539       0x1c ./Src/main.o
 .debug_macro   0x00001555      0x177 ./Src/main.o
 .debug_macro   0x000016cc       0x16 ./Src/main.o
 .debug_macro   0x000016e2       0x16 ./Src/main.o
 .debug_macro   0x000016f8      0x146 ./Src/main.o
 .debug_macro   0x0000183e       0x28 ./Src/main.o
 .debug_macro   0x00001866       0x28 ./Src/main.o
 .debug_macro   0x0000188e      0x103 ./Src/main.o
 .debug_macro   0x00001991       0x6a ./Src/main.o
 .debug_macro   0x000019fb      0x1df ./Src/main.o
 .debug_macro   0x00001bda       0x1c ./Src/main.o
 .debug_macro   0x00001bf6       0x22 ./Src/main.o
 .debug_macro   0x00001c18       0xfb ./Src/main.o
 .debug_macro   0x00001d13     0x1011 ./Src/main.o
 .debug_macro   0x00002d24      0x11f ./Src/main.o
 .debug_macro   0x00002e43     0xb86c ./Src/main.o
 .debug_macro   0x0000e6af       0x6d ./Src/main.o
 .debug_macro   0x0000e71c       0xfc ./Src/timer.o
 .debug_macro   0x0000e818       0x8e ./Src/timer.o
 .debug_macro   0x0000e8a6       0x51 ./Src/timer.o

.debug_line     0x00000000      0xc9c
 .debug_line    0x00000000      0x6aa ./Src/main.o
 .debug_line    0x000006aa      0x577 ./Src/timer.o
 .debug_line    0x00000c21       0x7b ./Startup/startup_stm32f401retx.o

.debug_str      0x00000000    0x53260
 .debug_str     0x00000000    0x52fda ./Src/main.o
                              0x531bc (size before relaxing)
 .debug_str     0x00052fda      0x20b ./Src/timer.o
                              0x4f94f (size before relaxing)
 .debug_str     0x000531e5       0x7b ./Startup/startup_stm32f401retx.o

.comment        0x00000000       0x43
 .comment       0x00000000       0x43 ./Src/main.o
                                 0x44 (size before relaxing)
 .comment       0x00000043       0x44 ./Src/timer.o

.debug_frame    0x00000000       0x88
 .debug_frame   0x00000000       0x2c ./Src/main.o
 .debug_frame   0x0000002c       0x30 ./Src/timer.o
 .debug_frame   0x0000005c       0x2c C:/Users/naray/OneDrive/Documents/STM32CubeIDE_1.15.1/STM32CubeIDE/plugins/com.st.stm32cube.ide.mcu.externaltools.gnu-tools-for-stm32.12.3.rel1.win32_1.0.100.202403111256/tools/bin/../lib/gcc/arm-none-eabi/12.3.1/../../../../arm-none-eabi/lib/thumb/v7e-m+fp/hard\libc_nano.a(libc_a-init.o)

.debug_line_str
                0x00000000       0x5f
 .debug_line_str
                0x00000000       0x5f ./Startup/startup_stm32f401retx.o
